os_cpu_c.c:68:7:OSInitHookBegin	4	static
os_cpu_c.c:77:6:OSTaskReturnHook	16	static
os_cpu_c.c:97:7:OSInitHookEnd	4	static
os_cpu_c.c:114:7:OSTaskCreateHook	16	static
os_cpu_c.c:137:7:OSTaskDelHook	16	static
os_cpu_c.c:160:7:OSTaskIdleHook	8	static
os_cpu_c.c:180:7:OSTaskStatHook	8	static
os_cpu_c.c:217:9:OSTaskStkInit	32	static
os_cpu_c.c:264:7:OSTaskSwHook	8	static
os_cpu_c.c:284:7:OSTCBInitHook	16	static
os_cpu_c.c:306:7:OSTimeTickHook	8	static
os_cpu_c.c:336:7:OS_CPU_SysTickHandler	16	static
os_cpu_c.c:365:7:OS_CPU_SysTickInit	8	static
os_cpu_c.c:375:12:OS_CPU_SysTickClkFreq	8	static
