sdo.c:139:6:SDOTimeoutAlarm	40	static
sdo.c:188:6:resetSDO	24	static
sdo.c:205:7:SDOlineToObjdict	40	static
sdo.c:246:7:objdictToSDOline	48	static
sdo.c:304:6:lineToSDO	48	static
sdo.c:354:6:SDOtoLine	48	static
sdo.c:418:6:failedSDO	40	static
sdo.c:451:6:resetSDOline	32	static
sdo.c:473:6:initSDOline	32	static
sdo.c:515:6:getSDOfreeLine	40	static
sdo.c:539:6:getSDOlineOnUse	32	static
sdo.c:565:6:getSDOlineToClose	32	static
sdo.c:589:6:closeSDOtransfer	24	static
sdo.c:616:6:getSDOlineRestBytes	24	static
sdo.c:636:6:setSDOlineRestBytes	32	static
sdo.c:658:6:sendSDO	48	static
sdo.c:715:6:sendSDOabort	32	static
sdo.c:749:6:proceedSDO	96	static
sdo.c:1841:6:GetSDOClientFromNodeId	32	static
sdo.c:1887:6:resetClientSDOLineFromNodeId	24	static
sdo.c:1919:13:_writeNetworkDict	48	static
sdo.c:2066:6:writeNetworkDict	40	static
sdo.c:2088:6:writeNetworkDictCallBack	40	static
sdo.c:2094:6:writeNetworkDictCallBackAI	48	static
sdo.c:2157:13:_readNetworkDict	40	static
sdo.c:2238:6:readNetworkDict	32	static
sdo.c:2256:6:readNetworkDictCallback	32	static
sdo.c:2261:6:readNetworkDictCallbackAI	40	static
sdo.c:2324:6:getReadResultNetworkDict	40	static
sdo.c:2415:6:getWriteResultNetworkDict	40	static
