conf_tim.c:21:6:setSource	32	static
conf_tim.c:31:6:setOutputCompare	48	static
conf_tim.c:59:6:MX_TIM1_Init	64	static
conf_tim.c:123:6:MX_TIM2_Init	64	static
conf_tim.c:185:6:MX_TIM3_Init	64	static
conf_tim.c:241:6:MX_TIM_CounterInterrupt	24	static
conf_tim.c:258:6:MX_TIM_CaptureInterrupt	40	static
conf_tim.c:301:6:MX_TIMx_CountSet	24	static
conf_tim.c:316:6:MX_TIM_SlaveSet	40	static
conf_tim.c:332:6:MX_TIM_MasterSet	24	static
conf_tim.c:345:6:Mx_TIM_PWMSet	48	static
conf_tim.c:372:6:MX_TIM_CaputureChannel	40	static
conf_tim.c:394:6:MX_TIMx_Interrupt	24	static
conf_tim.c:419:6:MX_TIM4_PWMOUT_Init	8	static
conf_tim.c:454:6:HAL_TIM_Base_MspInit	16	static
conf_tim.c:475:6:MX_TIM_CLK	32	static
conf_tim.c:495:6:MX_NVIC	16	static
conf_tim.c:533:6:HAL_TIM_MspPostInit	40	static
conf_tim.c:587:6:HAL_TIM_Base_MspDeInit	16	static
conf_tim.c:606:6:setTimeCount	16	static
conf_tim.c:612:10:getTimeCount	16	static
