os_core.c:569:7:OSInit	8	static
os_core.c:634:7:OSIntEnter	4	static
os_core.c:662:7:OSIntExit	16	static
os_core.c:735:7:OSSchedLock	16	static
os_core.c:772:7:OSSchedUnlock	16	static
os_core.c:822:7:OSStart	8	static
os_core.c:854:7:OSStatInit	16	static
os_core.c:888:7:OSTimeTick	24	static
os_core.c:974:9:OSVersion	4	static
os_core.c:993:7:OS_Dummy	4	static
os_core.c:1027:8:OS_EventTaskRdy	32	static
os_core.c:1103:7:OS_EventTaskWait	24	static
os_core.c:1180:7:OS_EventTaskRemove	24	static
os_core.c:1250:7:OS_EventWaitListInit	24	static
os_core.c:1275:15:OS_InitEventList	24	static
os_core.c:1327:15:OS_InitMisc	4	static
os_core.c:1367:15:OS_InitRdyList	16	static
os_core.c:1398:15:OS_InitTaskIdle	40	static
os_core.c:1460:15:OS_InitTaskStat	40	static
os_core.c:1522:15:OS_InitTCBList	24	static
os_core.c:1570:7:OS_MemClr	16	static
os_core.c:1603:7:OS_MemCopy	24	static
os_core.c:1631:7:OS_Sched	16	static
os_core.c:1673:15:OS_SchedNew	16	static
os_core.c:1718:8:OS_StrLen	24	static
os_core.c:1753:7:OS_TaskIdle	24	static
os_core.c:1795:7:OS_TaskStat	24	static
os_core.c:1846:7:OS_TaskStatStkChk	24	static
os_core.c:1918:8:OS_TCBInit	40	static
os_mutex.c:84:10:OSMutexAccept	24	static
os_mutex.c:170:12:OSMutexCreate	24	static
os_mutex.c:271:12:OSMutexDel	48	static
os_mutex.c:412:7:OSMutexPend	48	static
os_mutex.c:573:8:OSMutexPost	24	static
os_mutex.c:646:8:OSMutexQuery	32	static
os_mutex.c:706:15:OSMutex_RdyAtPrio	24	static
os_q.c:61:8:OSQAccept	32	static
os_q.c:125:12:OSQCreate	32	static
os_q.c:222:12:OSQDel	40	static
os_q.c:337:8:OSQFlush	24	static
os_q.c:401:8:OSQPend	40	static
os_q.c:518:8:OSQPendAbort	32	static
os_q.c:594:8:OSQPost	24	static
os_q.c:657:8:OSQPostFront	24	static
os_q.c:729:8:OSQPostOpt	32	static
os_q.c:805:8:OSQQuery	40	static
os_q.c:865:7:OS_QInit	24	static
os_sem.c:49:9:OSSemAccept	24	static
os_sem.c:94:12:OSSemCreate	24	static
os_sem.c:169:12:OSSemDel	40	static
os_sem.c:289:7:OSSemPend	32	static
os_sem.c:397:8:OSSemPendAbort	32	static
os_sem.c:471:8:OSSemPost	24	static
os_sem.c:525:8:OSSemQuery	32	static
os_sem.c:587:7:OSSemSet	32	static
os_task.c:51:8:OSTaskChangePrio	40	static
os_task.c:207:8:OSTaskCreate	56	static
os_task.c:329:8:OSTaskCreateExt	56	static
os_task.c:427:8:OSTaskDel	24	static
os_task.c:573:8:OSTaskDelReq	32	static
os_task.c:640:8:OSTaskNameGet	40	static
os_task.c:721:7:OSTaskNameSet	32	static
os_task.c:795:8:OSTaskResume	24	static
os_task.c:862:8:OSTaskStkChk	40	static
os_task.c:947:8:OSTaskSuspend	32	static
os_task.c:1020:8:OSTaskQuery	24	static
os_task.c:1087:9:OSTaskRegGet	32	static
os_task.c:1153:7:OSTaskRegSet	32	static
os_task.c:1204:7:OS_TaskReturn	8	static
os_task.c:1241:7:OS_TaskStkClr	24	static
os_time.c:44:7:OSTimeDly	24	static
os_time.c:99:8:OSTimeDlyHMSM	32	static
os_time.c:162:8:OSTimeDlyResume	24	static
os_time.c:222:9:OSTimeGet	16	static
os_time.c:251:7:OSTimeSet	24	static
