stm32f10x_it.c:47:6:NMI_Handler	8	static
stm32f10x_it.c:57:6:HardFault_Handler	4	static
stm32f10x_it.c:73:6:MemManage_Handler	8	static
stm32f10x_it.c:88:6:BusFault_Handler	8	static
stm32f10x_it.c:103:6:UsageFault_Handler	8	static
stm32f10x_it.c:118:6:SVC_Handler	8	static
stm32f10x_it.c:129:6:DebugMon_Handler	4	static
stm32f10x_it.c:149:6:SysTick_Handler	8	static
stm32f10x_it.c:180:6:USB_LP_CAN1_RX0_IRQHandler	8	static
stm32f10x_it.c:188:6:USB_HP_CAN1_TX_IRQHandler	8	static
stm32f10x_it.c:201:6:TIM2_IRQHandler	8	static
stm32f10x_it.c:236:6:USART1_IRQHandler	8	static
